
> astro-lab@0.1.0 build
> next build

   Γû▓ Next.js 16.0.3 (Turbopack)
   - Environments: .env.local

   Creating an optimized production build ...
 Γ£ô Compiled successfully in 1124.2ms
   Running TypeScript ...
Failed to compile.

./src/app/api/process-image/route.ts:294:24
Type error: 'candidate.content' is possibly 'undefined'.

  292 |     }
  293 |
> 294 |     for (const part of candidate.content.parts ?? []) {
      |                        ^
  295 |         if (part.inlineData?.data) {
  296 |             return part.inlineData.data; // base64 image
  297 |         }
Next.js build worker exited with code: 1 and signal: null
